Archive member included because of file (symbol)

c:/apps/winavr/bin/../lib/gcc/avr/4.3.3/avr4\libgcc.a(_exit.o)
                              c:/apps/winavr/bin/../lib/gcc/avr/4.3.3/../../../../avr/lib/avr4/crtm8515.o (exit)
c:/apps/winavr/bin/../lib/gcc/avr/4.3.3/avr4\libgcc.a(_copy_data.o)
                              led.o (__do_copy_data)
c:/apps/winavr/bin/../lib/gcc/avr/4.3.3/avr4\libgcc.a(_clear_bss.o)
                              ledivilkku.o (__do_clear_bss)
c:/apps/winavr/bin/../lib/gcc/avr/4.3.3/../../../../avr/lib/avr4\libc.a(rand.o)
                              ledivilkku.o (rand)
c:/apps/winavr/bin/../lib/gcc/avr/4.3.3/avr4\libgcc.a(_mulsi3.o)
                              c:/apps/winavr/bin/../lib/gcc/avr/4.3.3/../../../../avr/lib/avr4\libc.a(rand.o) (__mulsi3)
c:/apps/winavr/bin/../lib/gcc/avr/4.3.3/avr4\libgcc.a(_divmodsi4.o)
                              c:/apps/winavr/bin/../lib/gcc/avr/4.3.3/../../../../avr/lib/avr4\libc.a(rand.o) (__divmodsi4)
c:/apps/winavr/bin/../lib/gcc/avr/4.3.3/avr4\libgcc.a(_prologue.o)
                              c:/apps/winavr/bin/../lib/gcc/avr/4.3.3/../../../../avr/lib/avr4\libc.a(rand.o) (__prologue_saves__)
c:/apps/winavr/bin/../lib/gcc/avr/4.3.3/avr4\libgcc.a(_epilogue.o)
                              c:/apps/winavr/bin/../lib/gcc/avr/4.3.3/../../../../avr/lib/avr4\libc.a(rand.o) (__epilogue_restores__)
c:/apps/winavr/bin/../lib/gcc/avr/4.3.3/avr4\libgcc.a(_udivmodsi4.o)
                              c:/apps/winavr/bin/../lib/gcc/avr/4.3.3/avr4\libgcc.a(_divmodsi4.o) (__udivmodsi4)

Allocating common symbols
Common symbol       size              file

l                   0x100             led.o
a_ptr               0x2               ledivilkku.o
a_e                 0x1               ledivilkku.o
l_port              0x80              led.o
a_w                 0x2               ledivilkku.o

Memory Configuration

Name             Origin             Length             Attributes
text             0x00000000         0x00002000         xr
data             0x00800060         0x0000ffa0         rw !x
eeprom           0x00810000         0x00010000         rw !x
fuse             0x00820000         0x00000400         rw !x
lock             0x00830000         0x00000400         rw !x
signature        0x00840000         0x00000400         rw !x
*default*        0x00000000         0xffffffff

Linker script and memory map

LOAD c:/apps/winavr/bin/../lib/gcc/avr/4.3.3/../../../../avr/lib/avr4/crtm8515.o
LOAD ledivilkku.o
LOAD led.o
LOAD animation.o
LOAD c:/apps/winavr/bin/../lib/gcc/avr/4.3.3/avr4\libgcc.a
LOAD c:/apps/winavr/bin/../lib/gcc/avr/4.3.3/../../../../avr/lib/avr4\libc.a
LOAD c:/apps/winavr/bin/../lib/gcc/avr/4.3.3/avr4\libgcc.a

.hash
 *(.hash)

.dynsym
 *(.dynsym)

.dynstr
 *(.dynstr)

.gnu.version
 *(.gnu.version)

.gnu.version_d
 *(.gnu.version_d)

.gnu.version_r
 *(.gnu.version_r)

.rel.init
 *(.rel.init)

.rela.init
 *(.rela.init)

.rel.text
 *(.rel.text)
 *(.rel.text.*)
 *(.rel.gnu.linkonce.t*)

.rela.text
 *(.rela.text)
 *(.rela.text.*)
 *(.rela.gnu.linkonce.t*)

.rel.fini
 *(.rel.fini)

.rela.fini
 *(.rela.fini)

.rel.rodata
 *(.rel.rodata)
 *(.rel.rodata.*)
 *(.rel.gnu.linkonce.r*)

.rela.rodata
 *(.rela.rodata)
 *(.rela.rodata.*)
 *(.rela.gnu.linkonce.r*)

.rel.data
 *(.rel.data)
 *(.rel.data.*)
 *(.rel.gnu.linkonce.d*)

.rela.data
 *(.rela.data)
 *(.rela.data.*)
 *(.rela.gnu.linkonce.d*)

.rel.ctors
 *(.rel.ctors)

.rela.ctors
 *(.rela.ctors)

.rel.dtors
 *(.rel.dtors)

.rela.dtors
 *(.rela.dtors)

.rel.got
 *(.rel.got)

.rela.got
 *(.rela.got)

.rel.bss
 *(.rel.bss)

.rela.bss
 *(.rela.bss)

.rel.plt
 *(.rel.plt)

.rela.plt
 *(.rela.plt)

.text           0x00000000      0xabc
 *(.vectors)
 .vectors       0x00000000       0x22 c:/apps/winavr/bin/../lib/gcc/avr/4.3.3/../../../../avr/lib/avr4/crtm8515.o
                0x00000000                __vectors
                0x00000000                __vector_default
 *(.vectors)
 *(.progmem.gcc*)
 *(.progmem*)
 .progmem.data  0x00000022       0x54 animation.o
                0x00000022                animation
                0x00000076                . = ALIGN (0x2)
                0x00000076                __trampolines_start = .
 *(.trampolines)
 .trampolines   0x00000076        0x0 linker stubs
 *(.trampolines*)
                0x00000076                __trampolines_end = .
 *(.jumptables)
 *(.jumptables*)
 *(.lowtext)
 *(.lowtext*)
                0x00000076                __ctors_start = .
 *(.ctors)
                0x00000076                __ctors_end = .
                0x00000076                __dtors_start = .
 *(.dtors)
                0x00000076                __dtors_end = .
 SORT(*)(.ctors)
 SORT(*)(.dtors)
 *(.init0)
 .init0         0x00000076        0x0 c:/apps/winavr/bin/../lib/gcc/avr/4.3.3/../../../../avr/lib/avr4/crtm8515.o
                0x00000076                __init
 *(.init0)
 *(.init1)
 *(.init1)
 *(.init2)
 .init2         0x00000076        0xc c:/apps/winavr/bin/../lib/gcc/avr/4.3.3/../../../../avr/lib/avr4/crtm8515.o
 *(.init2)
 *(.init3)
 *(.init3)
 *(.init4)
 .init4         0x00000082       0x16 c:/apps/winavr/bin/../lib/gcc/avr/4.3.3/avr4\libgcc.a(_copy_data.o)
                0x00000082                __do_copy_data
 .init4         0x00000098       0x10 c:/apps/winavr/bin/../lib/gcc/avr/4.3.3/avr4\libgcc.a(_clear_bss.o)
                0x00000098                __do_clear_bss
 *(.init4)
 *(.init5)
 *(.init5)
 *(.init6)
 *(.init6)
 *(.init7)
 *(.init7)
 *(.init8)
 *(.init8)
 *(.init9)
 .init9         0x000000a8        0x4 c:/apps/winavr/bin/../lib/gcc/avr/4.3.3/../../../../avr/lib/avr4/crtm8515.o
 *(.init9)
 *(.text)
 .text          0x000000ac        0x2 c:/apps/winavr/bin/../lib/gcc/avr/4.3.3/../../../../avr/lib/avr4/crtm8515.o
                0x000000ac                __vector_1
                0x000000ac                __vector_12
                0x000000ac                __bad_interrupt
                0x000000ac                __vector_6
                0x000000ac                __vector_3
                0x000000ac                __vector_11
                0x000000ac                __vector_13
                0x000000ac                __vector_7
                0x000000ac                __vector_5
                0x000000ac                __vector_9
                0x000000ac                __vector_2
                0x000000ac                __vector_15
                0x000000ac                __vector_8
                0x000000ac                __vector_14
                0x000000ac                __vector_10
                0x000000ac                __vector_16
 .text          0x000000ae      0x4aa ledivilkku.o
                0x000000ea                animate_hex2dec
                0x000000ae                setanimation
                0x00000176                tick
                0x0000010e                animate_parsevalue
                0x000004c2                main
                0x000001b6                matrix
                0x000004a8                setup
                0x00000254                animate
                0x00000184                powerdown
 .text          0x00000558      0x388 led.o
                0x000005f0                led_set
                0x00000710                l2led
                0x00000818                __vector_4
                0x00000558                led_init
 .text          0x000008e0        0x0 animation.o
 .text          0x000008e0        0x0 c:/apps/winavr/bin/../lib/gcc/avr/4.3.3/avr4\libgcc.a(_exit.o)
 .text          0x000008e0        0x0 c:/apps/winavr/bin/../lib/gcc/avr/4.3.3/avr4\libgcc.a(_copy_data.o)
 .text          0x000008e0        0x0 c:/apps/winavr/bin/../lib/gcc/avr/4.3.3/avr4\libgcc.a(_clear_bss.o)
 .text          0x000008e0        0x0 c:/apps/winavr/bin/../lib/gcc/avr/4.3.3/../../../../avr/lib/avr4\libc.a(rand.o)
 .text          0x000008e0        0x0 c:/apps/winavr/bin/../lib/gcc/avr/4.3.3/avr4\libgcc.a(_mulsi3.o)
 .text          0x000008e0        0x0 c:/apps/winavr/bin/../lib/gcc/avr/4.3.3/avr4\libgcc.a(_divmodsi4.o)
 .text          0x000008e0        0x0 c:/apps/winavr/bin/../lib/gcc/avr/4.3.3/avr4\libgcc.a(_prologue.o)
 .text          0x000008e0        0x0 c:/apps/winavr/bin/../lib/gcc/avr/4.3.3/avr4\libgcc.a(_epilogue.o)
 .text          0x000008e0        0x0 c:/apps/winavr/bin/../lib/gcc/avr/4.3.3/avr4\libgcc.a(_udivmodsi4.o)
                0x000008e0                . = ALIGN (0x2)
 *(.text.*)
 .text.libgcc   0x000008e0        0x0 c:/apps/winavr/bin/../lib/gcc/avr/4.3.3/avr4\libgcc.a(_exit.o)
 .text.libgcc   0x000008e0        0x0 c:/apps/winavr/bin/../lib/gcc/avr/4.3.3/avr4\libgcc.a(_copy_data.o)
 .text.libgcc   0x000008e0        0x0 c:/apps/winavr/bin/../lib/gcc/avr/4.3.3/avr4\libgcc.a(_clear_bss.o)
 .text.avr-libc
                0x000008e0       0xb2 c:/apps/winavr/bin/../lib/gcc/avr/4.3.3/../../../../avr/lib/avr4\libc.a(rand.o)
                0x00000970                rand_r
                0x00000974                rand
                0x0000097c                srand
 .text.libgcc   0x00000992       0x3e c:/apps/winavr/bin/../lib/gcc/avr/4.3.3/avr4\libgcc.a(_mulsi3.o)
                0x00000992                __mulsi3
 .text.libgcc   0x000009d0       0x36 c:/apps/winavr/bin/../lib/gcc/avr/4.3.3/avr4\libgcc.a(_divmodsi4.o)
                0x000009d0                __divmodsi4
 .text.libgcc   0x00000a06       0x38 c:/apps/winavr/bin/../lib/gcc/avr/4.3.3/avr4\libgcc.a(_prologue.o)
                0x00000a06                __prologue_saves__
 .text.libgcc   0x00000a3e       0x36 c:/apps/winavr/bin/../lib/gcc/avr/4.3.3/avr4\libgcc.a(_epilogue.o)
                0x00000a3e                __epilogue_restores__
 .text.libgcc   0x00000a74       0x44 c:/apps/winavr/bin/../lib/gcc/avr/4.3.3/avr4\libgcc.a(_udivmodsi4.o)
                0x00000a74                __udivmodsi4
                0x00000ab8                . = ALIGN (0x2)
 *(.fini9)
 .fini9         0x00000ab8        0x0 c:/apps/winavr/bin/../lib/gcc/avr/4.3.3/avr4\libgcc.a(_exit.o)
                0x00000ab8                exit
                0x00000ab8                _exit
 *(.fini9)
 *(.fini8)
 *(.fini8)
 *(.fini7)
 *(.fini7)
 *(.fini6)
 *(.fini6)
 *(.fini5)
 *(.fini5)
 *(.fini4)
 *(.fini4)
 *(.fini3)
 *(.fini3)
 *(.fini2)
 *(.fini2)
 *(.fini1)
 *(.fini1)
 *(.fini0)
 .fini0         0x00000ab8        0x4 c:/apps/winavr/bin/../lib/gcc/avr/4.3.3/avr4\libgcc.a(_exit.o)
 *(.fini0)
                0x00000abc                _etext = .

.data           0x00800060       0x54 load address 0x00000abc
                0x00800060                PROVIDE (__data_start, .)
 *(.data)
 .data          0x00800060        0x0 c:/apps/winavr/bin/../lib/gcc/avr/4.3.3/../../../../avr/lib/avr4/crtm8515.o
 .data          0x00800060        0x0 ledivilkku.o
 .data          0x00800060       0x50 led.o
                0x00800090                Y
                0x00800060                l_order
                0x00800070                X
 .data          0x008000b0        0x0 animation.o
 .data          0x008000b0        0x0 c:/apps/winavr/bin/../lib/gcc/avr/4.3.3/avr4\libgcc.a(_exit.o)
 .data          0x008000b0        0x0 c:/apps/winavr/bin/../lib/gcc/avr/4.3.3/avr4\libgcc.a(_copy_data.o)
 .data          0x008000b0        0x0 c:/apps/winavr/bin/../lib/gcc/avr/4.3.3/avr4\libgcc.a(_clear_bss.o)
 .data          0x008000b0        0x4 c:/apps/winavr/bin/../lib/gcc/avr/4.3.3/../../../../avr/lib/avr4\libc.a(rand.o)
 .data          0x008000b4        0x0 c:/apps/winavr/bin/../lib/gcc/avr/4.3.3/avr4\libgcc.a(_mulsi3.o)
 .data          0x008000b4        0x0 c:/apps/winavr/bin/../lib/gcc/avr/4.3.3/avr4\libgcc.a(_divmodsi4.o)
 .data          0x008000b4        0x0 c:/apps/winavr/bin/../lib/gcc/avr/4.3.3/avr4\libgcc.a(_prologue.o)
 .data          0x008000b4        0x0 c:/apps/winavr/bin/../lib/gcc/avr/4.3.3/avr4\libgcc.a(_epilogue.o)
 .data          0x008000b4        0x0 c:/apps/winavr/bin/../lib/gcc/avr/4.3.3/avr4\libgcc.a(_udivmodsi4.o)
 *(.data*)
 *(.rodata)
 *(.rodata*)
 *(.gnu.linkonce.d*)
                0x008000b4                . = ALIGN (0x2)
                0x008000b4                _edata = .
                0x008000b4                PROVIDE (__data_end, .)

.bss            0x008000b4      0x18a
                0x008000b4                PROVIDE (__bss_start, .)
 *(.bss)
 .bss           0x008000b4        0x0 c:/apps/winavr/bin/../lib/gcc/avr/4.3.3/../../../../avr/lib/avr4/crtm8515.o
 .bss           0x008000b4        0x1 ledivilkku.o
                0x008000b4                animationsequence
 .bss           0x008000b5        0x4 led.o
                0x008000b5                led_row
                0x008000b7                led_button
                0x008000b6                led_phase
                0x008000b8                led_tick
 .bss           0x008000b9        0x0 animation.o
 .bss           0x008000b9        0x0 c:/apps/winavr/bin/../lib/gcc/avr/4.3.3/avr4\libgcc.a(_exit.o)
 .bss           0x008000b9        0x0 c:/apps/winavr/bin/../lib/gcc/avr/4.3.3/avr4\libgcc.a(_copy_data.o)
 .bss           0x008000b9        0x0 c:/apps/winavr/bin/../lib/gcc/avr/4.3.3/avr4\libgcc.a(_clear_bss.o)
 .bss           0x008000b9        0x0 c:/apps/winavr/bin/../lib/gcc/avr/4.3.3/../../../../avr/lib/avr4\libc.a(rand.o)
 .bss           0x008000b9        0x0 c:/apps/winavr/bin/../lib/gcc/avr/4.3.3/avr4\libgcc.a(_mulsi3.o)
 .bss           0x008000b9        0x0 c:/apps/winavr/bin/../lib/gcc/avr/4.3.3/avr4\libgcc.a(_divmodsi4.o)
 .bss           0x008000b9        0x0 c:/apps/winavr/bin/../lib/gcc/avr/4.3.3/avr4\libgcc.a(_prologue.o)
 .bss           0x008000b9        0x0 c:/apps/winavr/bin/../lib/gcc/avr/4.3.3/avr4\libgcc.a(_epilogue.o)
 .bss           0x008000b9        0x0 c:/apps/winavr/bin/../lib/gcc/avr/4.3.3/avr4\libgcc.a(_udivmodsi4.o)
 *(.bss*)
 *(COMMON)
 COMMON         0x008000b9        0x5 ledivilkku.o
                0x008000b9                a_ptr
                0x008000bb                a_e
                0x008000bc                a_w
 COMMON         0x008000be      0x180 led.o
                0x008000be                l
                0x008001be                l_port
                0x0080023e                PROVIDE (__bss_end, .)
                0x00000abc                __data_load_start = LOADADDR (.data)
                0x00000b10                __data_load_end = (__data_load_start + SIZEOF (.data))

.noinit         0x0080023e        0x0
                0x0080023e                PROVIDE (__noinit_start, .)
 *(.noinit*)
                0x0080023e                PROVIDE (__noinit_end, .)
                0x0080023e                _end = .
                0x0080023e                PROVIDE (__heap_start, .)

.eeprom         0x00810000        0x0
 *(.eeprom*)
                0x00810000                __eeprom_end = .

.fuse
 *(.fuse)
 *(.lfuse)
 *(.hfuse)
 *(.efuse)

.lock
 *(.lock*)

.signature
 *(.signature*)

.stab
 *(.stab)

.stabstr
 *(.stabstr)

.stab.excl
 *(.stab.excl)

.stab.exclstr
 *(.stab.exclstr)

.stab.index
 *(.stab.index)

.stab.indexstr
 *(.stab.indexstr)

.comment
 *(.comment)

.debug
 *(.debug)

.line
 *(.line)

.debug_srcinfo
 *(.debug_srcinfo)

.debug_sfnames
 *(.debug_sfnames)

.debug_aranges  0x00000000       0x40
 *(.debug_aranges)
 .debug_aranges
                0x00000000       0x20 ledivilkku.o
 .debug_aranges
                0x00000020       0x20 led.o

.debug_pubnames
                0x00000000      0x182
 *(.debug_pubnames)
 .debug_pubnames
                0x00000000       0xbf ledivilkku.o
 .debug_pubnames
                0x000000bf       0xa3 led.o
 .debug_pubnames
                0x00000162       0x20 animation.o

.debug_info     0x00000000      0x99b
 *(.debug_info)
 .debug_info    0x00000000      0x63f ledivilkku.o
 .debug_info    0x0000063f      0x2ca led.o
 .debug_info    0x00000909       0x92 animation.o
 *(.gnu.linkonce.wi.*)

.debug_abbrev   0x00000000      0x3b0
 *(.debug_abbrev)
 .debug_abbrev  0x00000000      0x1fe ledivilkku.o
 .debug_abbrev  0x000001fe      0x155 led.o
 .debug_abbrev  0x00000353       0x5d animation.o

.debug_line     0x00000000      0x8c8
 *(.debug_line)
 .debug_line    0x00000000      0x5d6 ledivilkku.o
 .debug_line    0x000005d6      0x2a2 led.o
 .debug_line    0x00000878       0x50 animation.o

.debug_frame    0x00000000       0xf0
 *(.debug_frame)
 .debug_frame   0x00000000       0xa0 ledivilkku.o
 .debug_frame   0x000000a0       0x50 led.o

.debug_str      0x00000000      0x1eb
 *(.debug_str)
 .debug_str     0x00000000      0x181 ledivilkku.o
                                0x1d8 (size before relaxing)
 .debug_str     0x00000181       0x5b led.o
                                0x14e (size before relaxing)
 .debug_str     0x000001dc        0xf animation.o
                                 0xd7 (size before relaxing)

.debug_loc      0x00000000      0x908
 *(.debug_loc)
 .debug_loc     0x00000000      0x894 ledivilkku.o
 .debug_loc     0x00000894       0x74 led.o

.debug_macinfo
 *(.debug_macinfo)
OUTPUT(ledivilkku.elf elf32-avr)
LOAD linker stubs

.debug_ranges   0x00000000       0xb0
 .debug_ranges  0x00000000       0xb0 ledivilkku.o
